Results of custom groupers



group by function task.file.root
Same as 'group by root'.
=>
/
a/
e/
====================================================================================

