Results of custom groupers



group by function task.file.filename
Like 'group by filename' but does not link to the file.
=>
_c_.md
a_b_c.md
b.md
c.md
====================================================================================


group by function task.file.filename.filenameWithoutExtension + (task.hasHeading ? (' > ' + task.heading) : '')
Like 'group by backlink' but does not link to the heading in the file.
=>
undefined
undefined > a_b_c
undefined > c
undefined > heading
undefined > heading _italic text_
====================================================================================

